14:06:33 **** Incremental Build of configuration Debug for project HW11Proj ****
make -j9 all 
arm-none-eabi-gcc "../Core/Src/main.c" -mcpu=cortex-m0plus -std=gnu11 -g3 -DDEBUG -DUSE_NUCLEO_64 -DUSE_HAL_DRIVER -DSTM32C092xx -c -I../Core/Inc -I../Drivers/STM32C0xx_HAL_Driver/Inc -I../Drivers/STM32C0xx_HAL_Driver/Inc/Legacy -I../Drivers/BSP/STM32C0xx_Nucleo -I../Drivers/CMSIS/Device/ST/STM32C0xx/Include -I../Drivers/CMSIS/Include -O0 -ffunction-sections -fdata-sections -Wall -fstack-usage -fcyclomatic-complexity -MMD -MP -MF"Core/Src/main.d" -MT"Core/Src/main.o" --specs=nano.specs -mfloat-abi=soft -mthumb -o "Core/Src/main.o"
arm-none-eabi-gcc -o "HW11Proj.elf" @"objects.list"   -mcpu=cortex-m0plus -T"/Users/mileslankford/Desktop/ME433/HW11/HW11Proj/STM32C092RCTX_FLASH.ld" --specs=nosys.specs -Wl,-Map="HW11Proj.map" -Wl,--gc-sections -static --specs=nano.specs -mfloat-abi=soft -mthumb -Wl,--start-group -lc -lm -Wl,--end-group
Finished building target: HW11Proj.elf
 
arm-none-eabi-size  HW11Proj.elf 
arm-none-eabi-objdump -h -S HW11Proj.elf  > "HW11Proj.list"
   text	   data	    bss	    dec	    hex	filename
  19392	    128	   2240	  21760	   5500	HW11Proj.elf
Finished building: default.size.stdout
 
Finished building: HW11Proj.list
 
14:06:37 **** Incremental Build of configuration Debug for project HW11Proj ****
make -j9 all 
arm-none-eabi-size  HW11Proj.elf 
   text	   data	    bss	    dec	    hex	filename
  19392	    128	   2240	  21760	   5500	HW11Proj.elf
Finished building: default.size.stdout
 
